###############################################################################
#
# IAR ELF Linker V9.10.2.313/W64 for ARM                  09/Aug/2021  23:47:49
# Copyright 2007-2021 IAR Systems AB.
#
#    Output file  =
#        C:\Users\mathe\Desktop\Projetos
#        IAR\TM4C1294_RTOS_IAR9-main\Projects\prodcons\ewarm\Exe\prodcons.out
#    Map file     =
#        C:\Users\mathe\Desktop\Projetos
#        IAR\TM4C1294_RTOS_IAR9-main\Projects\prodcons\ewarm\List\prodcons.map
#    Command line =
#        -f "C:\Users\mathe\Desktop\Projetos
#        IAR\TM4C1294_RTOS_IAR9-main\Projects\prodcons\ewarm\Exe\prodcons.out.rsp"
#        ("C:\Users\mathe\Desktop\Projetos
#        IAR\TM4C1294_RTOS_IAR9-main\Projects\prodcons\ewarm\Obj\driverbuttons.o"
#        "C:\Users\mathe\Desktop\Projetos
#        IAR\TM4C1294_RTOS_IAR9-main\Projects\prodcons\ewarm\Obj\driverleds.o"
#        "C:\Users\mathe\Desktop\Projetos
#        IAR\TM4C1294_RTOS_IAR9-main\TivaWare_C_Series-2.1.4.178\driverlib\ewarm\Exe\driverlib.a"
#        "C:\Users\mathe\Desktop\Projetos
#        IAR\TM4C1294_RTOS_IAR9-main\Projects\prodcons\ewarm\Obj\prodcons.o"
#        "C:\Users\mathe\Desktop\Projetos
#        IAR\TM4C1294_RTOS_IAR9-main\CMSIS-5.6.0\CMSIS\RTOS2\RTX\Library\IAR\IDE\CM4F\Exe\RTX_CM.a"
#        "C:\Users\mathe\Desktop\Projetos
#        IAR\TM4C1294_RTOS_IAR9-main\Projects\prodcons\ewarm\Obj\RTX_Config.o"
#        "C:\Users\mathe\Desktop\Projetos
#        IAR\TM4C1294_RTOS_IAR9-main\Projects\prodcons\ewarm\Obj\rtx_lib.o"
#        "C:\Users\mathe\Desktop\Projetos
#        IAR\TM4C1294_RTOS_IAR9-main\Projects\prodcons\ewarm\Obj\startup_TM4C1294.o"
#        "C:\Users\mathe\Desktop\Projetos
#        IAR\TM4C1294_RTOS_IAR9-main\Projects\prodcons\ewarm\Obj\system_TM4C1294_TW.o"
#        --no_out_extension -o "C:\Users\mathe\Desktop\Projetos
#        IAR\TM4C1294_RTOS_IAR9-main\Projects\prodcons\ewarm\Exe\prodcons.out"
#        --map "C:\Users\mathe\Desktop\Projetos
#        IAR\TM4C1294_RTOS_IAR9-main\Projects\prodcons\ewarm\List\prodcons.map"
#        --config "C:\Program Files\IAR Systems\Embedded Workbench
#        9.0\arm\config\linker\TexasInstruments\TM4C1294NC.icf" --semihosting
#        --entry __iar_program_start --vfe --text_out locale)
#
###############################################################################

*******************************************************************************
*** RUNTIME MODEL ATTRIBUTES
***

CppFlavor       = *
__SystemLibrary = DLib
__dlib_version  = 6


*******************************************************************************
*** HEAP SELECTION
***

The basic heap was selected because some modules are built with
size limitations (and not runtime checking), and --advanced_heap
was not specified.


*******************************************************************************
*** PLACEMENT SUMMARY
***

"A0":  place at address 0x0 { ro section .intvec };
"P1":  place in [from 0x0 to 0xf'ffff] { ro };
define block CSTACK with size = 32K, alignment = 8 { };
define block HEAP with size = 64K, alignment = 8 { };
"P2":  place in [from 0x2000'0000 to 0x2003'ffff] {
          rw, block CSTACK, block HEAP };
initialize by copy { rw };

  Section               Kind         Address    Size  Object
  -------               ----         -------    ----  ------
"A0":                                          0x3c0
  .intvec               ro code          0x0   0x3c0  startup_TM4C1294.o [1]
                                     - 0x3c0   0x3c0

"P1":                                         0x420d
  .text                 ro code        0x3c0   0x9c8  rtx_thread.o [2]
  .text                 ro code        0xd88     0x2  rtx_evr.o [2]
  .text                 ro code        0xd8a     0x2  rtx_evr.o [2]
  .text                 ro code        0xd8c     0x2  rtx_evr.o [2]
  .text                 ro code        0xd8e     0x2  rtx_evr.o [2]
  .text                 ro code        0xd90     0x2  rtx_evr.o [2]
  .text                 ro code        0xd92     0x2  rtx_evr.o [2]
  .text                 ro code        0xd94     0x2  rtx_evr.o [2]
  .text                 ro code        0xd96     0x2  rtx_evr.o [2]
  .text                 ro code        0xd98     0x2  rtx_evr.o [2]
  .text                 ro code        0xd9a     0x2  rtx_evr.o [2]
  .text                 ro code        0xd9c    0x28  rtx_thread.o [2]
  .text                 ro code        0xdc4     0x2  rtx_evr.o [2]
  .text                 ro code        0xdc6     0x2  rtx_evr.o [2]
  .text                 ro code        0xdc8     0x2  rtx_evr.o [2]
  .text                 ro code        0xdca    0x3a  packbits_init_single.o [6]
  .text                 ro code        0xe04    0xe6  rtx_mempool.o [2]
  .text                 ro code        0xeea     0x2  rtx_evr.o [2]
  .text                 ro code        0xeec    0x84  rtx_memory.o [2]
  .text                 ro code        0xf70     0x6  ABImemclr4.o [6]
  .text                 ro code        0xf76     0x2  rtx_evr.o [2]
  .text                 ro code        0xf78    0x4a  rtx_memory.o [2]
  .text                 ro code        0xfc2     0x2  RTX_Config.o [1]
  .text                 ro code        0xfc4   0x34c  rtx_mutex.o [2]
  .text                 ro code       0x1310     0x2  rtx_evr.o [2]
  .text                 ro code       0x1312     0x2  rtx_evr.o [2]
  .text                 ro code       0x1314     0x2  rtx_evr.o [2]
  .text                 ro code       0x1316     0x2  rtx_evr.o [2]
  .text                 ro code       0x1318     0x2  rtx_evr.o [2]
  .text                 ro code       0x131a     0x2  rtx_evr.o [2]
  .text                 ro code       0x131c     0x2  rtx_evr.o [2]
  .text                 ro code       0x131e     0x2  rtx_evr.o [2]
  .text                 ro code       0x1320     0x2  rtx_evr.o [2]
  .text                 ro code       0x1322     0x2  startup_TM4C1294.o [1]
  .text                 ro code       0x1324   0x174  rtx_system.o [2]
  .text                 ro code       0x1498     0x2  rtx_evr.o [2]
  .text                 ro code       0x149a     0x2  RTX_Config.o [1]
  .text                 ro code       0x149c     0x2  rtx_evr.o [2]
  .text                 ro code       0x149e     0x2  rtx_evr.o [2]
  .text                 ro code       0x14a0     0x2  rtx_evr.o [2]
  .text                 ro code       0x14a2     0x2  rtx_evr.o [2]
  .text                 ro code       0x14a4    0x32  ABImemset48.o [6]
  .text                 ro code       0x14d6     0x2  rtx_evr.o [2]
  .text                 ro code       0x14d8     0x2  rtx_evr.o [2]
  .text                 ro code       0x14da     0x2  rtx_evr.o [2]
  .text                 ro code       0x14dc     0x2  rtx_evr.o [2]
  .text                 ro code       0x14de     0x2  rtx_evr.o [2]
  .text                 ro code       0x14e0     0x2  rtx_evr.o [2]
  .text                 ro code       0x14e2     0x2  rtx_evr.o [2]
  .text                 ro code       0x14e4     0x2  rtx_evr.o [2]
  .text                 ro code       0x14e6     0x2  rtx_evr.o [2]
  .text                 ro code       0x14e8     0x2  rtx_evr.o [2]
  .text                 ro code       0x14ec     0xc  os_systick.o [2]
  .text                 ro code       0x14f8   0x668  pow64.o [5]
  .text                 ro code       0x1b60    0x20  DblCmpEq.o [5]
  .text                 ro code       0x1b80    0x70  frexp.o [5]
  .text                 ro code       0x1bf0    0x34  DblCmpLe.o [5]
  .text                 ro code       0x1c24   0x1aa  DblMul.o [5]
  .text                 ro code       0x1dd0   0x25e  DblAddSub.o [5]
  .text                 ro code       0x2030    0x36  DblToS32.o [5]
  .text                 ro code       0x2068    0x22  S32ToDbl.o [5]
  .text                 ro code       0x208c   0x246  DblDiv.o [5]
  .text                 ro code       0x22d4    0x34  DblCmpGe.o [5]
  .text                 ro code       0x2308   0x2d0  iar_Exp64.o [5]
  .text                 ro code       0x25d8   0x13a  ldexp.o [5]
  .text                 ro code       0x2714   0x61c  rtx_msgqueue.o [2]
  .text                 ro code       0x2d30    0xa6  ABImemcpy.o [6]
  .text                 ro code       0x2dd6     0x2  rtx_evr.o [2]
  .text                 ro code       0x2dd8     0x2  rtx_evr.o [2]
  .text                 ro code       0x2dda     0x2  rtx_evr.o [2]
  .text                 ro code       0x2ddc     0x6  ABImemclr.o [6]
  .text                 ro code       0x2de2     0x2  rtx_evr.o [2]
  .text                 ro code       0x2de4     0x2  rtx_evr.o [2]
  .text                 ro code       0x2de6     0x2  rtx_evr.o [2]
  .text                 ro code       0x2de8     0x2  rtx_evr.o [2]
  .text                 ro code       0x2dea     0x2  rtx_evr.o [2]
  .text                 ro code       0x2dec     0x2  rtx_evr.o [2]
  .text                 ro code       0x2dee     0x2  rtx_evr.o [2]
  .text                 ro code       0x2df0     0x2  rtx_evr.o [2]
  .text                 ro code       0x2df2     0x2  rtx_evr.o [2]
  .text                 ro code       0x2df4    0x5e  ABImemset.o [6]
  .rodata               const         0x2e54    0x6c  sysctl.o [4]
  .rodata               const         0x2ec0   0x420  pow64.o [5]
  .text                 ro code       0x32e0   0x2c8  rtx_kernel.o [2]
  .text                 ro code       0x35a8     0x2  rtx_evr.o [2]
  .text                 ro code       0x35aa    0x44  rtx_memory.o [2]
  .text                 ro code       0x35ee     0x2  rtx_evr.o [2]
  .text                 ro code       0x35f0     0x2  rtx_evr.o [2]
  .text                 ro code       0x35f4    0x40  os_systick.o [2]
  .text                 ro code       0x3634     0x6  os_systick.o [2]
  .text                 ro code       0x363c    0x2c  os_systick.o [2]
  .text                 ro code       0x3668     0x2  rtx_evr.o [2]
  .text                 ro code       0x366a     0x2  rtx_lib.o [1]
  .text                 ro code       0x366c     0x2  rtx_evr.o [2]
  .text                 ro code       0x366e     0x2  rtx_evr.o [2]
  .text                 ro code       0x3670     0x2  rtx_evr.o [2]
  .text                 ro code       0x3672     0x2  rtx_evr.o [2]
  .text                 ro code       0x3674   0x2a0  sysctl.o [4]
  .text                 ro code       0x3914   0x1da  prodcons.o [1]
  .text                 ro code       0x3af0    0x16  math_wrappers64.o [5]
  .text                 ro code       0x3b08    0xe8  driverbuttons.o [1]
  .text                 ro code       0x3bf0    0xdc  rtx_delay.o [2]
  .text                 ro code       0x3ccc   0x134  driverleds.o [1]
  .text                 ro code       0x3e00    0x2c  system_TM4C1294_TW.o [1]
  .text                 ro code       0x3e2c   0x1d8  gpio.o [4]
  .text                 ro code       0x4004    0x70  interrupt.o [4]
  .text                 ro code       0x4074     0x2  rtx_evr.o [2]
  .text                 ro code       0x4076     0x2  rtx_evr.o [2]
  .text                 ro code       0x4078     0x2  rtx_evr.o [2]
  .text                 ro code       0x407a     0x2  rtx_evr.o [2]
  .text                 ro code       0x407c     0x2  rtx_evr.o [2]
  .rodata               const         0x4080   0x1b0  sysctl.o [4]
  .text                 ro code       0x4230    0xc4  irq_cm4f.o [2]
  .text                 ro code       0x42f4    0x90  rtx_timer.o [2]
  .rodata               const         0x4384    0x68  rtx_lib.o [1]
  .text                 ro code       0x43ec    0x44  rtx_timer.o [2]
  .text                 ro code       0x4430     0x2  rtx_evr.o [2]
  .text                 ro code       0x4432    0x38  zero_init3.o [6]
  .rodata               const         0x446c    0x30  sysctl.o [4]
  .text                 ro code       0x449c    0x28  data_init.o [6]
  .rodata               const         0x44c4    0x24  rtx_lib.o [1]
  .rodata               const         0x44e8    0x24  rtx_lib.o [1]
  .iar.init_table       const         0x450c    0x20  - Linker created -
  .text                 ro code       0x452c    0x1e  cmain.o [6]
  .text                 ro code       0x454a     0x4  low_level_init.o [3]
  .text                 ro code       0x454e     0x4  exit.o [3]
  .text                 ro code       0x4554     0xa  cexit.o [6]
  .text                 ro code       0x4560    0x14  exit.o [7]
  .text                 ro code       0x4574    0x1c  cstartup_M.o [6]
  .text                 ro code       0x4590    0x14  startup_TM4C1294.o [1]
  .rodata               const         0x45a4    0x18  rtx_lib.o [1]
  .rodata               const         0x45bc     0x4  rtx_lib.o [1]
  .rodata               const         0x45c0     0x0  zero_init3.o [6]
  .rodata               const         0x45c0     0x0  packbits_init_single.o [6]
  Initializer bytes     const         0x45c0     0xd  <for P2-1>
                                    - 0x45cd  0x420d

"P2", part 1 of 3:                              0xa4
  P2-1                           0x2000'0000    0xa4  <Init block>
    .data.os            inited   0x2000'0000    0xa4  rtx_kernel.o [2]
                               - 0x2000'00a4    0xa4

"P2", part 2 of 3:                            0x13ac
  .bss.os               zero     0x2000'00a8  0x1000  rtx_lib.o [1]
  .bss.os.thread.stack  zero     0x2000'10a8   0x100  rtx_lib.o [1]
  .bss.os.thread.stack  zero     0x2000'11a8   0x100  rtx_lib.o [1]
  .bss                  zero     0x2000'12a8    0x58  prodcons.o [1]
  .bss.os.msgqueue.mem  zero     0x2000'1300    0x50  rtx_lib.o [1]
  .bss.os.thread.cb     zero     0x2000'1350    0x44  rtx_lib.o [1]
  .bss.os.thread.cb     zero     0x2000'1394    0x44  rtx_lib.o [1]
  .bss.os               zero     0x2000'13d8    0x40  rtx_lib.o [1]
  .bss.os.msgqueue.cb   zero     0x2000'1418    0x34  rtx_lib.o [1]
  .bss                  zero     0x2000'144c     0x1  os_systick.o [2]
                               - 0x2000'144d  0x13a9

"P2", part 3 of 3:                            0x8008
  .noinit               uninit   0x2000'1450     0x4  system_TM4C1294_TW.o [1]
  CSTACK                         0x2000'1458  0x8000  <Block>
    CSTACK              uninit   0x2000'1458  0x8000  <Block tail>
                               - 0x2000'9458  0x8008

Unused ranges:

         From           To      Size
         ----           --      ----
       0x45cd     0xf'ffff  0xf'ba33
  0x2000'9458  0x2003'ffff  0x3'6ba8


*******************************************************************************
*** INIT TABLE
***

          Address      Size
          -------      ----
Zero (__iar_zero_init3)
    1 destination range, total size 0x13a5:
          0x2000'00a8  0x13a5

Copy/packbits (__iar_packbits_init_single3)
    1 source range, total size 0xd (7% of destination):
               0x45c0     0xd
    1 destination range, total size 0xa4:
          0x2000'0000    0xa4



*******************************************************************************
*** MODULE SUMMARY
***

    Module                  ro code  ro data  rw data
    ------                  -------  -------  -------
command line/config:
    -------------------------------------------------
    Total:

C:\Users\mathe\Desktop\Projetos IAR\TM4C1294_RTOS_IAR9-main\Projects\prodcons\ewarm\Obj: [1]
    RTX_Config.o                  4
    driverbuttons.o             232
    driverleds.o                308
    prodcons.o                  474                88
    rtx_lib.o                     2      204    4'940
    startup_TM4C1294.o          982
    system_TM4C1294_TW.o         44                 4
    -------------------------------------------------
    Total:                    2'046      204    5'032

RTX_CM.a: [2]
    irq_cm4f.o                  196
    os_systick.o                126                 1
    rtx_delay.o                 220
    rtx_evr.o                   130
    rtx_kernel.o                712       13      164
    rtx_memory.o                274
    rtx_mempool.o               230
    rtx_msgqueue.o            1'564
    rtx_mutex.o                 844
    rtx_system.o                372
    rtx_thread.o              2'544
    rtx_timer.o                 212
    -------------------------------------------------
    Total:                    7'424       13      165

dl7M_tln.a: [3]
    exit.o                        4
    low_level_init.o              4
    -------------------------------------------------
    Total:                        8

driverlib.a: [4]
    gpio.o                      472
    interrupt.o                 112
    sysctl.o                    672      588
    -------------------------------------------------
    Total:                    1'256      588

m7M_tls.a: [5]
    DblAddSub.o                 606
    DblCmpEq.o                   32
    DblCmpGe.o                   52
    DblCmpLe.o                   52
    DblDiv.o                    582
    DblMul.o                    426
    DblToS32.o                   54
    S32ToDbl.o                   34
    frexp.o                     112
    iar_Exp64.o                 720
    ldexp.o                     314
    math_wrappers64.o            22
    pow64.o                   1'640    1'056
    -------------------------------------------------
    Total:                    4'646    1'056

rt7M_tl.a: [6]
    ABImemclr.o                   6
    ABImemclr4.o                  6
    ABImemcpy.o                 166
    ABImemset.o                  94
    ABImemset48.o                50
    cexit.o                      10
    cmain.o                      30
    cstartup_M.o                 28
    data_init.o                  40
    packbits_init_single.o       58
    zero_init3.o                 56
    -------------------------------------------------
    Total:                      544

shb_l.a: [7]
    exit.o                       20
    -------------------------------------------------
    Total:                       20

    Gaps                         26        6        4
    Linker created                        32   32'768
-----------------------------------------------------
    Grand Total:             15'970    1'899   37'969


*******************************************************************************
*** ENTRY LIST
***

Entry                       Address    Size  Type      Object
-----                       -------    ----  ----      ------
.iar.init_table$$Base        0x450c           --   Gb  - Linker created -
.iar.init_table$$Limit       0x452c           --   Gb  - Linker created -
?main                        0x452d          Code  Gb  cmain.o [6]
ButtonInit                   0x3b09    0x50  Code  Gb  driverbuttons.o [1]
ButtonIntClear               0x3bc5    0x24  Code  Gb  driverbuttons.o [1]
ButtonIntEnable              0x3b81    0x44  Code  Gb  driverbuttons.o [1]
ButtonRead                   0x3b59    0x28  Code  Gb  driverbuttons.o [1]
CSTACK$$Base            0x2000'1458           --   Gb  - Linker created -
CSTACK$$Limit           0x2000'9458           --   Gb  - Linker created -
EvrRtxDelay                  0x407b     0x2  Code  Gb  rtx_evr.o [2]
EvrRtxDelayCompleted          0xd89     0x2  Code  Gb  rtx_evr.o [2]
EvrRtxDelayError             0x4077     0x2  Code  Gb  rtx_evr.o [2]
EvrRtxDelayStarted           0x4075     0x2  Code  Gb  rtx_evr.o [2]
EvrRtxDelayUntil             0x407d     0x2  Code  Gb  rtx_evr.o [2]
EvrRtxDelayUntilStarted
                             0x4079     0x2  Code  Gb  rtx_evr.o [2]
EvrRtxEventFlagsWaitTimeout
                              0xd8d     0x2  Code  Gb  rtx_evr.o [2]
EvrRtxKernelError            0x35a9     0x2  Code  Gb  rtx_evr.o [2]
EvrRtxKernelGetState         0x35f1     0x2  Code  Gb  rtx_evr.o [2]
EvrRtxKernelGetTickCount
                             0x3671     0x2  Code  Gb  rtx_evr.o [2]
EvrRtxKernelInitialize       0x366d     0x2  Code  Gb  rtx_evr.o [2]
EvrRtxKernelInitialized
                             0x35ef     0x2  Code  Gb  rtx_evr.o [2]
EvrRtxKernelStart            0x366f     0x2  Code  Gb  rtx_evr.o [2]
EvrRtxKernelStarted          0x3669     0x2  Code  Gb  rtx_evr.o [2]
EvrRtxMemoryAlloc            0x14a3     0x2  Code  Gb  rtx_evr.o [2]
EvrRtxMemoryBlockAlloc       0x149f     0x2  Code  Gb  rtx_evr.o [2]
EvrRtxMemoryBlockFree        0x14a1     0x2  Code  Gb  rtx_evr.o [2]
EvrRtxMemoryBlockInit        0x149d     0x2  Code  Gb  rtx_evr.o [2]
EvrRtxMemoryFree             0x14d7     0x2  Code  Gb  rtx_evr.o [2]
EvrRtxMemoryInit             0x3673     0x2  Code  Gb  rtx_evr.o [2]
EvrRtxMemoryPoolAllocTimeout
                              0xd93     0x2  Code  Gb  rtx_evr.o [2]
EvrRtxMessageQueueCreated
                             0x2de3     0x2  Code  Gb  rtx_evr.o [2]
EvrRtxMessageQueueError
                             0x2ddb     0x2  Code  Gb  rtx_evr.o [2]
EvrRtxMessageQueueGet        0x2df3     0x2  Code  Gb  rtx_evr.o [2]
EvrRtxMessageQueueGetPending
                             0x2de9     0x2  Code  Gb  rtx_evr.o [2]
EvrRtxMessageQueueGetTimeout
                              0xd95     0x2  Code  Gb  rtx_evr.o [2]
EvrRtxMessageQueueInsertPending
                             0x2df1     0x2  Code  Gb  rtx_evr.o [2]
EvrRtxMessageQueueInserted
                             0x2dd7     0x2  Code  Gb  rtx_evr.o [2]
EvrRtxMessageQueueNew        0x2ded     0x2  Code  Gb  rtx_evr.o [2]
EvrRtxMessageQueueNotInserted
                             0x2de7     0x2  Code  Gb  rtx_evr.o [2]
EvrRtxMessageQueueNotRetrieved
                             0x2deb     0x2  Code  Gb  rtx_evr.o [2]
EvrRtxMessageQueuePut        0x2def     0x2  Code  Gb  rtx_evr.o [2]
EvrRtxMessageQueuePutPending
                             0x2de5     0x2  Code  Gb  rtx_evr.o [2]
EvrRtxMessageQueuePutTimeout
                              0xd97     0x2  Code  Gb  rtx_evr.o [2]
EvrRtxMessageQueueRetrieved
                             0x2dd9     0x2  Code  Gb  rtx_evr.o [2]
EvrRtxMutexAcquire           0x14e7     0x2  Code  Gb  rtx_evr.o [2]
EvrRtxMutexAcquirePending
                             0x14e1     0x2  Code  Gb  rtx_evr.o [2]
EvrRtxMutexAcquireTimeout
                              0xd8f     0x2  Code  Gb  rtx_evr.o [2]
EvrRtxMutexAcquired          0x14db     0x2  Code  Gb  rtx_evr.o [2]
EvrRtxMutexCreated           0x14df     0x2  Code  Gb  rtx_evr.o [2]
EvrRtxMutexError             0x14dd     0x2  Code  Gb  rtx_evr.o [2]
EvrRtxMutexNew               0x14e5     0x2  Code  Gb  rtx_evr.o [2]
EvrRtxMutexNotAcquired       0x14e3     0x2  Code  Gb  rtx_evr.o [2]
EvrRtxMutexRelease           0x14e9     0x2  Code  Gb  rtx_evr.o [2]
EvrRtxMutexReleased          0x14d9     0x2  Code  Gb  rtx_evr.o [2]
EvrRtxSemaphoreAcquireTimeout
                              0xd91     0x2  Code  Gb  rtx_evr.o [2]
EvrRtxThreadBlocked           0xdc7     0x2  Code  Gb  rtx_evr.o [2]
EvrRtxThreadCreated           0xf77     0x2  Code  Gb  rtx_evr.o [2]
EvrRtxThreadDestroyed        0x1313     0x2  Code  Gb  rtx_evr.o [2]
EvrRtxThreadError             0xeeb     0x2  Code  Gb  rtx_evr.o [2]
EvrRtxThreadExit             0x131f     0x2  Code  Gb  rtx_evr.o [2]
EvrRtxThreadFlagsError       0x1315     0x2  Code  Gb  rtx_evr.o [2]
EvrRtxThreadFlagsSet         0x1321     0x2  Code  Gb  rtx_evr.o [2]
EvrRtxThreadFlagsSetDone
                             0x1317     0x2  Code  Gb  rtx_evr.o [2]
EvrRtxThreadFlagsWait        0x1499     0x2  Code  Gb  rtx_evr.o [2]
EvrRtxThreadFlagsWaitCompleted
                              0xdc9     0x2  Code  Gb  rtx_evr.o [2]
EvrRtxThreadFlagsWaitNotCompleted
                             0x131b     0x2  Code  Gb  rtx_evr.o [2]
EvrRtxThreadFlagsWaitPending
                             0x1319     0x2  Code  Gb  rtx_evr.o [2]
EvrRtxThreadFlagsWaitTimeout
                              0xd8b     0x2  Code  Gb  rtx_evr.o [2]
EvrRtxThreadJoined           0x1311     0x2  Code  Gb  rtx_evr.o [2]
EvrRtxThreadNew              0x131d     0x2  Code  Gb  rtx_evr.o [2]
EvrRtxThreadPreempted         0xd9b     0x2  Code  Gb  rtx_evr.o [2]
EvrRtxThreadSwitched          0xdc5     0x2  Code  Gb  rtx_evr.o [2]
EvrRtxThreadUnblocked         0xd99     0x2  Code  Gb  rtx_evr.o [2]
EvrRtxTimerCallback          0x4431     0x2  Code  Gb  rtx_evr.o [2]
GPIODirModeSet               0x3e2d    0x28  Code  Gb  gpio.o [4]
GPIOIntClear                 0x3fa9     0x8  Code  Gb  gpio.o [4]
GPIOIntEnable                0x3fa3     0x6  Code  Gb  gpio.o [4]
GPIOIntTypeSet               0x3e55    0x4c  Code  Gb  gpio.o [4]
GPIOJ_Handler                0x3957    0x32  Code  Gb  prodcons.o [1]
GPIOPadConfigSet             0x3ea1   0x102  Code  Gb  gpio.o [4]
GPIOPinRead                  0x3fb1     0x8  Code  Gb  gpio.o [4]
GPIOPinTypeGPIOInput         0x3fc5    0x14  Code  Gb  gpio.o [4]
GPIOPinTypeGPIOOutput        0x3fd9     0xa  Code  Gb  gpio.o [4]
GPIOPinWrite                 0x3fb9     0x8  Code  Gb  gpio.o [4]
IntEnable                    0x4005    0x52  Code  Gb  interrupt.o [4]
LEDInit                      0x3ccd    0xac  Code  Gb  driverleds.o [1]
LEDWrite                     0x3d97    0x58  Code  Gb  driverleds.o [1]
MessageQueueGet              0x2761    0x40  Code  Lc  rtx_msgqueue.o [2]
MessageQueuePut              0x2715    0x4a  Code  Lc  rtx_msgqueue.o [2]
MessageQueueRemove           0x27a1    0x1a  Code  Lc  rtx_msgqueue.o [2]
OS_Tick_AcknowledgeIRQ       0x14ed     0xc  Code  Gb  os_systick.o [2]
OS_Tick_Enable               0x363d    0x2c  Code  Gb  os_systick.o [2]
OS_Tick_GetIRQn              0x3635     0x6  Code  Gb  os_systick.o [2]
OS_Tick_Setup                0x35f5    0x40  Code  Gb  os_systick.o [2]
PendST                  0x2000'144c     0x1  Data  Lc  os_systick.o [2]
PendSV_Handler               0x42c9          Code  Gb  irq_cm4f.o [2]
Region$$Table$$Base          0x450c           --   Gb  - Linker created -
Region$$Table$$Limit         0x452c           --   Gb  - Linker created -
SVC_Handler                  0x4231          Code  Gb  irq_cm4f.o [2]
SysCtlClockFreqSet           0x36d7   0x1fc  Code  Gb  sysctl.o [4]
SysCtlPeripheralEnable       0x36b9     0x8  Code  Gb  sysctl.o [4]
SysCtlPeripheralReady        0x3697     0x8  Code  Gb  sysctl.o [4]
SysTick_Handler              0x42d9          Code  Gb  irq_cm4f.o [2]
SystemCoreClock         0x2000'1450     0x4  Data  Gb  system_TM4C1294_TW.o [1]
SystemInit                   0x3e01    0x1a  Code  Gb  system_TM4C1294_TW.o [1]
ThreadFlagsCheck              0x3c1    0x6c  Code  Lc  rtx_thread.o [2]
TimerInsert                  0x42f5    0x38  Code  Lc  rtx_timer.o [2]
_SysCtlMemTimingGet          0x3675    0x22  Code  Lc  sysctl.o [4]
__Vectors                       0x0           --   Gb  startup_TM4C1294.o [1]
__Vectors_End                 0x3c0          Data  Gb  startup_TM4C1294.o [1]
__Vectors_Size {Abs}          0x3c0           --   Gb  startup_TM4C1294.o [1]
__aeabi_cdcmpeq              0x1b61          Code  Gb  DblCmpEq.o [5]
__aeabi_cdcmple              0x1bf1          Code  Gb  DblCmpLe.o [5]
__aeabi_cdrcmple             0x22d5          Code  Gb  DblCmpGe.o [5]
__aeabi_d2iz                 0x2031          Code  Gb  DblToS32.o [5]
__aeabi_dadd                 0x1dd1          Code  Gb  DblAddSub.o [5]
__aeabi_ddiv                 0x208d          Code  Gb  DblDiv.o [5]
__aeabi_dmul                 0x1c25          Code  Gb  DblMul.o [5]
__aeabi_dsub                 0x1f4d          Code  Gb  DblAddSub.o [5]
__aeabi_i2d                  0x2069          Code  Gb  S32ToDbl.o [5]
__aeabi_memclr               0x2ddd          Code  Gb  ABImemclr.o [6]
__aeabi_memclr4               0xf71          Code  Gb  ABImemclr4.o [6]
__aeabi_memcpy               0x2d31          Code  Gb  ABImemcpy.o [6]
__aeabi_memcpy4              0x2d51          Code  Gb  ABImemcpy.o [6]
__aeabi_memcpy8              0x2d51          Code  Gb  ABImemcpy.o [6]
__cmain                      0x452d          Code  Gb  cmain.o [6]
__exit                       0x4561    0x14  Code  Gb  exit.o [7]
__iar_Exp64                  0x2309   0x268  Code  Gb  iar_Exp64.o [5]
__iar_Memset4_word           0x14a5          Code  Gb  ABImemset48.o [6]
__iar_Memset8_word           0x14a5          Code  Gb  ABImemset48.o [6]
__iar_Memset_word            0x2df5          Code  Gb  ABImemset.o [6]
__iar_data_init3             0x449d    0x28  Code  Gb  data_init.o [6]
__iar_frexp                  0x1b8d          Code  Gb  frexp.o [5]
__iar_frexpl                 0x1b8d          Code  Gb  frexp.o [5]
__iar_init_vfp               0x4599          Code  Wk  startup_TM4C1294.o [1]
__iar_ldexp64                0x25d9          Code  Gb  ldexp.o [5]
__iar_packbits_init_single3
                              0xdcb    0x3a  Code  Gb  packbits_init_single.o [6]
__iar_pow64                  0x14f9   0x668  Code  Gb  pow64.o [5]
__iar_pow_medium             0x14f9   0x668  Code  Gb  pow64.o [5]
__iar_pow_medium64           0x14f9   0x668  Code  Gb  pow64.o [5]
__iar_pow_mediuml            0x14f9   0x668  Code  Gb  pow64.o [5]
__iar_program_start          0x4575          Code  Gb  cstartup_M.o [6]
__iar_scalbln64              0x25d9          Code  Gb  ldexp.o [5]
__iar_scalbn64               0x25d9          Code  Gb  ldexp.o [5]
__iar_softfp___iar_frexp64
                             0x1b81          Code  Gb  frexp.o [5]
__iar_softfp_frexp           0x1b81          Code  Gb  frexp.o [5]
__iar_softfp_frexpl          0x1b81          Code  Gb  frexp.o [5]
__iar_vfp_pow                0x3af7    0x10  Code  Gb  math_wrappers64.o [5]
__iar_zero_init3             0x4433    0x38  Code  Gb  zero_init3.o [6]
__low_level_init             0x454b     0x4  Code  Gb  low_level_init.o [3]
__vector_table                  0x0          Data  Gb  startup_TM4C1294.o [1]
__vector_table_0x1c            0x1c          Data  Gb  startup_TM4C1294.o [1]
_call_main                   0x4539          Code  Gb  cmain.o [6]
_exit                        0x4555          Code  Gb  cexit.o [6]
acionadora                   0x39ed    0x5c  Code  Gb  prodcons.o [1]
controladora                 0x3989    0x64  Code  Gb  prodcons.o [1]
exit                         0x454f     0x4  Code  Gb  exit.o [3]
g_pppui32XTALtoVCO           0x4080   0x1b0  Data  Lc  sysctl.o [4]
g_pui32EnRegs                0x4060    0x14  Data  Lc  interrupt.o [4]
g_pui32VCOFrequencies        0x390c     0x8  Data  Lc  sysctl.o [4]
g_pui32Xtals                 0x2e54    0x6c  Data  Lc  sysctl.o [4]
g_sXTALtoMEMTIM              0x446c    0x30  Data  Lc  sysctl.o [4]
idAcionadoraLED1        0x2000'12ec     0x4  Data  Gb  prodcons.o [1]
idAcionadoraLED2        0x2000'12f0     0x4  Data  Gb  prodcons.o [1]
idAcionadoraLED3        0x2000'12f4     0x4  Data  Gb  prodcons.o [1]
idAcionadoraLED4        0x2000'12f8     0x4  Data  Gb  prodcons.o [1]
idControladora          0x2000'12e8     0x4  Data  Gb  prodcons.o [1]
idMutex                 0x2000'12fc     0x4  Data  Gb  prodcons.o [1]
initLEDs                     0x3915    0x42  Code  Gb  prodcons.o [1]
ldexp                        0x25d9          Code  Gb  ldexp.o [5]
ldexpl                       0x25d9          Code  Gb  ldexp.o [5]
leds                    0x2000'12a8    0x40  Data  Gb  prodcons.o [1]
lnbias                       0x2ec0   0x420  Data  Lc  pow64.o [5]
main                         0x3a5f    0x74  Code  Gb  prodcons.o [1]
osDelay                      0x3c51    0x38  Code  Gb  rtx_delay.o [2]
osDelayUntil                 0x3c89    0x38  Code  Gb  rtx_delay.o [2]
osKernelGetState             0x34dd    0x40  Code  Gb  rtx_kernel.o [2]
osKernelGetTickCount         0x3551    0x20  Code  Gb  rtx_kernel.o [2]
osKernelInitialize           0x34a5    0x38  Code  Gb  rtx_kernel.o [2]
osKernelStart                0x351d    0x34  Code  Gb  rtx_kernel.o [2]
osMessageQueueGet            0x2c8d    0x90  Code  Gb  rtx_msgqueue.o [2]
osMessageQueueNew            0x2bb5    0x3e  Code  Gb  rtx_msgqueue.o [2]
osMessageQueuePut            0x2bf5    0x98  Code  Gb  rtx_msgqueue.o [2]
osMutexAcquire               0x1281    0x3e  Code  Gb  rtx_mutex.o [2]
osMutexNew                   0x1249    0x36  Code  Gb  rtx_mutex.o [2]
osMutexRelease               0x12c1    0x3a  Code  Gb  rtx_mutex.o [2]
osRtxConfig                  0x4384    0x68  Data  Gb  rtx_lib.o [1]
osRtxErrorNotify             0x149b     0x2  Code  Gb  RTX_Config.o [1]
osRtxIdleThread               0xfc3     0x2  Code  Gb  RTX_Config.o [1]
osRtxInfo               0x2000'0000    0xa4  Data  Gb  rtx_kernel.o [2]
osRtxKernelPreInit           0x366b     0x2  Code  Gb  rtx_lib.o [1]
osRtxMemoryAlloc              0xeed    0x84  Code  Gb  rtx_memory.o [2]
osRtxMemoryFree               0xf79    0x4a  Code  Gb  rtx_memory.o [2]
osRtxMemoryInit              0x35ab    0x44  Code  Gb  rtx_memory.o [2]
osRtxMemoryPoolAlloc          0xe51    0x44  Code  Gb  rtx_mempool.o [2]
osRtxMemoryPoolFree           0xe95    0x56  Code  Gb  rtx_mempool.o [2]
osRtxMemoryPoolInit           0xe05    0x4a  Code  Gb  rtx_mempool.o [2]
osRtxMessageQueuePostProcess
                             0x27bb    0xe6  Code  Lc  rtx_msgqueue.o [2]
osRtxMutexOwnerRelease        0xfc5    0x52  Code  Gb  rtx_mutex.o [2]
osRtxPendSV_Handler          0x1395    0x8a  Code  Gb  rtx_system.o [2]
osRtxPostProcess             0x1421    0x6e  Code  Gb  rtx_system.o [2]
osRtxThreadBlock              0x64b    0x34  Code  Lc  rtx_thread.o [2]
osRtxThreadDelayInsert        0x4a3    0x62  Code  Lc  rtx_thread.o [2]
osRtxThreadDelayRemove        0x505    0x44  Code  Lc  rtx_thread.o [2]
osRtxThreadDelayTick          0x549    0xee  Code  Gb  rtx_thread.o [2]
osRtxThreadDispatch           0x69b    0x54  Code  Gb  rtx_thread.o [2]
osRtxThreadFree               0x989    0x56  Code  Lc  rtx_thread.o [2]
osRtxThreadListGet            0x44f    0x14  Code  Gb  rtx_thread.o [2]
osRtxThreadListPut            0x42d    0x22  Code  Gb  rtx_thread.o [2]
osRtxThreadListRemove         0x485    0x16  Code  Gb  rtx_thread.o [2]
osRtxThreadListSort           0x463    0x22  Code  Gb  rtx_thread.o [2]
osRtxThreadPostProcess        0x763    0x54  Code  Lc  rtx_thread.o [2]
osRtxThreadReadyPut           0x49b     0x8  Code  Gb  rtx_thread.o [2]
osRtxThreadRegPtr             0x637    0x14  Code  Gb  rtx_thread.o [2]
osRtxThreadStackCheck         0xd9d    0x28  Code  Gb  rtx_thread.o [2]
osRtxThreadStartup            0xc13    0x30  Code  Gb  rtx_thread.o [2]
osRtxThreadSwitch             0x67f    0x1c  Code  Gb  rtx_thread.o [2]
osRtxThreadWaitEnter          0x729    0x3a  Code  Gb  rtx_thread.o [2]
osRtxThreadWaitExit           0x6f5    0x2e  Code  Gb  rtx_thread.o [2]
osRtxTick_Handler            0x1325    0x6e  Code  Gb  rtx_system.o [2]
osRtxTimerThread             0x43ed    0x44  Code  Gb  rtx_timer.o [2]
osRtxTimerTick               0x432d    0x54  Code  Lc  rtx_timer.o [2]
osRtxUserSVC                 0x45bc     0x4  Data  Gb  rtx_lib.o [1]
osThreadExit                  0xc8d    0x16  Code  Gb  rtx_thread.o [2]
osThreadFlagsSet              0xcb1    0x7a  Code  Gb  rtx_thread.o [2]
osThreadFlagsWait             0xd2d    0x42  Code  Gb  rtx_thread.o [2]
osThreadNew                   0xc45    0x40  Code  Gb  rtx_thread.o [2]
os_idle_thread_attr          0x44c4    0x24  Data  Lc  rtx_lib.o [1]
os_idle_thread_cb       0x2000'1350    0x44  Data  Lc  rtx_lib.o [1]
os_idle_thread_stack    0x2000'10a8   0x100  Data  Lc  rtx_lib.o [1]
os_isr_queue            0x2000'13d8    0x40  Data  Lc  rtx_lib.o [1]
os_mem                  0x2000'00a8  0x1000  Data  Lc  rtx_lib.o [1]
os_timer_mq_attr             0x45a4    0x18  Data  Lc  rtx_lib.o [1]
os_timer_mq_cb          0x2000'1418    0x34  Data  Lc  rtx_lib.o [1]
os_timer_mq_data        0x2000'1300    0x50  Data  Lc  rtx_lib.o [1]
os_timer_thread_attr         0x44e8    0x24  Data  Lc  rtx_lib.o [1]
os_timer_thread_cb      0x2000'1394    0x44  Data  Lc  rtx_lib.o [1]
os_timer_thread_stack   0x2000'11a8   0x100  Data  Lc  rtx_lib.o [1]
pow                          0x14f9   0x668  Code  Gb  pow64.o [5]
powl                         0x14f9   0x668  Code  Gb  pow64.o [5]
scalbln                      0x25d9          Code  Gb  ldexp.o [5]
scalblnl                     0x25d9          Code  Gb  ldexp.o [5]
scalbn                       0x25d9          Code  Gb  ldexp.o [5]
scalbnl                      0x25d9          Code  Gb  ldexp.o [5]
svcRtxDelay                  0x3bf1    0x24  Code  Lc  rtx_delay.o [2]
svcRtxDelayUntil             0x3c15    0x3c  Code  Lc  rtx_delay.o [2]
svcRtxKernelGetState         0x33f7    0x12  Code  Lc  rtx_kernel.o [2]
svcRtxKernelGetTickCount
                             0x349f     0x4  Code  Lc  rtx_kernel.o [2]
svcRtxKernelInitialize       0x32e1   0x116  Code  Lc  rtx_kernel.o [2]
svcRtxKernelStart            0x3409    0x96  Code  Lc  rtx_kernel.o [2]
svcRtxMessageQueueGet        0x2aa5    0xe8  Code  Lc  rtx_msgqueue.o [2]
svcRtxMessageQueueNew        0x28a1   0x130  Code  Lc  rtx_msgqueue.o [2]
svcRtxMessageQueuePut        0x29d1    0xd4  Code  Lc  rtx_msgqueue.o [2]
svcRtxMutexAcquire           0x1095    0xd2  Code  Lc  rtx_mutex.o [2]
svcRtxMutexNew               0x1017    0x7e  Code  Lc  rtx_mutex.o [2]
svcRtxMutexRelease           0x1167    0xd6  Code  Lc  rtx_mutex.o [2]
svcRtxThreadExit              0x9df    0x8e  Code  Lc  rtx_thread.o [2]
svcRtxThreadFlagsSet          0xa6d    0x9c  Code  Lc  rtx_thread.o [2]
svcRtxThreadFlagsWait         0xb0d   0x106  Code  Lc  rtx_thread.o [2]
svcRtxThreadNew               0x7b7   0x1cc  Code  Lc  rtx_thread.o [2]


[1] = C:\Users\mathe\Desktop\Projetos IAR\TM4C1294_RTOS_IAR9-main\Projects\prodcons\ewarm\Obj
[2] = RTX_CM.a
[3] = dl7M_tln.a
[4] = driverlib.a
[5] = m7M_tls.a
[6] = rt7M_tl.a
[7] = shb_l.a

  15'970 bytes of readonly  code memory
   1'899 bytes of readonly  data memory
  37'969 bytes of readwrite data memory

Errors: none
Warnings: none
